[lavenderportfolio.framer.website/index5748.html]
[backblue.gif]
[fade.gif]
[index.html]
[framerusercontent.com/images/dM4dsG93LeGkpaCnGjjBCpdWILA.png]
[framerusercontent.com/images/X5yzFCmDr2zGqEWdL4KFBaC1Kc.png]
[framerusercontent.com/images/CHCa97mTQAvRr5mjHuXf3ZnNEOU3626.png]
[lavenderportfolio.framer.website/index.html]
[lavenderportfolio.framer.website/vividlyrics.html]
[framerusercontent.com/images/yud9EOVraqJOBR1scyb1QAuc60k980b.jpg]
[lavenderportfolio.framer.website/ecopulse.html]
[framerusercontent.com/images/h9V6EovUkG7IE48jHDNbCpVSRUdb13.jpg]
[lavenderportfolio.framer.website/booknest.html]
[framerusercontent.com/images/Cm3zpY97Rdwv1XmkGJlr02SyA8bf5.jpg]
[lavenderportfolio.framer.website/healthmate.html]
[framerusercontent.com/images/1AmFWd7iHVvjr8NJ1FKEctHOIEf57a.png]
[framerusercontent.com/images/d4SpmpLmhUfMZkWsTOukrdAmhga4fe.jpg]
[framerusercontent.com/images/pJcHEpk8w5hZXWIKoFITuEhO0A9816.png]
[framerusercontent.com/images/66NxEEeS2AmV3v3nH1D3rkKy7Lkaa0c.png]
[framerusercontent.com/images/EfAAvXDLb3EgpRxKP6jIMIcRi34f655.png]
[framerusercontent.com/images/MJOOw9tmroi1TKnukmnv1IO5po3d8a.jpg]
[lavenderportfolio.framer.website/index5748.html]
[lavenderportfolio.framer.website/index.html]
[framerusercontent.com/images/nLGYP1pUTjHgZmKzzZ0HbzFdAHA5056.jpg]
[framerusercontent.com/images/ulscROdNYD5bhvJPZg76RdNOv42ecb.jpg]
[framerusercontent.com/images/85c58k6PQR5kqRRAdVdhxZEyOkgaf8f.png]
[framerusercontent.com/images/aq6YEAXwPQKlvdR6wK7LFYqMGc9893.jpg]
[lavenderportfolio.framer.website/vividlyrics.html]
[lavenderportfolio.framer.website/ecopulse.html]
[lavenderportfolio.framer.website/booknest.html]
[lavenderportfolio.framer.website/healthmate.html]
